// Vitest Snapshot v1, https://vitest.dev/guide/snapshot.html

exports[`Login > should render as expected 1`] = `
<div>
  <div
    class="bg-form"
  >
    <div
      class="container min-vh-100 text-white py-5"
    >
      <div>
        <svg
          class="fs-1"
          fill="currentColor"
          height="1em"
          role="button"
          stroke="currentColor"
          stroke-width="0"
          viewBox="0 0 24 24"
          width="1em"
          xmlns="http://www.w3.org/2000/svg"
        >
          <path
            d="M21 11H6.414l5.293-5.293-1.414-1.414L2.586 12l7.707 7.707 1.414-1.414L6.414 13H21z"
          />
        </svg>
      </div>
      <div
        class="row mx-0 g-0 flex-grow-1 align-items-center"
      >
        <div
          class="col"
        >
          <h3
            class="subtitle text-center"
          >
            LOGIN
          </h3>
          <hr
            class="green-line"
          />
          <form
            class="row row-cols-1 row-cols-md-auto justify-content-center gy-2 mb-2"
          >
            <div
              class="col d-flex justify-content-center"
            >
              <input
                class="input"
                placeholder="Email"
                type="text"
                value=""
              />
            </div>
            <div
              class="col d-flex justify-content-center"
            >
              <input
                class="input"
                placeholder="Password"
                type="password"
                value=""
              />
            </div>
            <div
              class="col d-flex justify-content-center"
            >
              <button
                class="login-submit-button"
                type="submit"
              >
                Submit
              </button>
            </div>
          </form>
          <div
            class="text-center"
          >
            <span>
              Don't have an account? 
            </span>
            <a
              class="underline"
              href="/signup"
            >
              Create an account
            </a>
          </div>
        </div>
      </div>
    </div>
  </div>
</div>
`;
