// Vitest Snapshot v1, https://vitest.dev/guide/snapshot.html

exports[`Reservation > should render as expected 1`] = `
<div>
  <article
    class="col"
  >
    <a
      href="/videogames/31"
    >
      <div
        class="vh-25 mb-4"
      >
        <img
          alt="Tetris"
          class="h-100 img-fluid rounded aspect-ratio-1"
          src="https://upload.wikimedia.org/wikipedia/en/thumb/7/7d/Tetris_NES_cover_art.jpg/220px-Tetris_NES_cover_art.jpg"
        />
      </div>
      <h3
        class="h6 fw-bolder text-uppercase mb-4"
      >
        Tetris
      </h3>
    </a>
    <div
      class="text-muted small"
    >
      <p
        class="mb-0"
      >
        <span
          class="fw-bold"
        >
          Starting date:
        </span>
         
        Thursday, August 10, 2023
      </p>
      <p
        class="mb-0"
      >
        <span
          class="fw-bold"
        >
          Finishing date:
        </span>
         
        Saturday, August 12, 2023
      </p>
      <p
        class="mb-0"
      >
        <span
          class="fw-bold"
        >
          Days:
        </span>
         
        2
      </p>
      <p
        class="mb-0"
      >
        <span
          class="fw-bold"
        >
          Total price:
        </span>
         
        $10
      </p>
      <p
        class="d-webkit-box clamp-3"
      >
        Tetris is a puzzle video game created in 1984 by Alexey Pajitnov, a Soviet software engineer.
      </p>
    </div>
  </article>
</div>
`;
